2026-09-23 18:33:56,747 INFO Q1 stage=extract data=Q1_DATA_DIR/E题数据/附件1-数据集原始多模态样本/MOSEI数据集部分原始视频-100条 window=0.500s
2026-09-23 18:34:00,332 INFO Features 1/100 -3g5yACwYnA/13 bins=12 words=15/15 audio=11 vision=11
2026-09-23 18:34:01,056 INFO Features 2/100 -3g5yACwYnA/3 bins=29 words=29/29 audio=29 vision=29
2026-09-23 18:34:01,582 INFO Features 3/100 -3g5yACwYnA/2 bins=19 words=14/14 audio=19 vision=19
2026-09-23 18:34:02,141 INFO Features 4/100 -3g5yACwYnA/9 bins=18 words=23/23 audio=18 vision=18
2026-09-23 18:34:02,341 INFO Features 5/100 -3nNcZdcdvU/5 bins=16 words=18/18 audio=16 vision=15
2026-09-23 18:34:02,632 INFO Features 6/100 -HwX2H8Z4hY/2 bins=8 words=4/4 audio=8 vision=2
2026-09-23 18:34:03,101 INFO Features 7/100 -HwX2H8Z4hY/5 bins=12 words=9/9 audio=12 vision=4
2026-09-23 18:34:03,402 INFO Features 8/100 -HwX2H8Z4hY/6 bins=7 words=7/7 audio=7 vision=5
2026-09-23 18:34:03,717 INFO Features 9/100 -HwX2H8Z4hY/9 bins=16 words=22/22 audio=16 vision=0
2026-09-23 18:34:03,984 INFO Features 10/100 -NFrJFQijFE/1 bins=12 words=16/16 audio=12 vision=0
2026-09-23 18:34:04,296 INFO Features 11/100 -NFrJFQijFE/2 bins=14 words=18/18 audio=14 vision=0
2026-09-23 18:34:04,745 INFO Features 12/100 -THoVjtIkeU/12 bins=30 words=39/39 audio=30 vision=30
2026-09-23 18:34:04,935 INFO Features 13/100 -THoVjtIkeU/2 bins=9 words=10/10 audio=9 vision=8
2026-09-23 18:34:05,203 INFO Features 14/100 -THoVjtIkeU/6 bins=17 words=30/30 audio=16 vision=16
2026-09-23 18:34:05,657 INFO Features 15/100 -UuX1xuaiiE/1 bins=21 words=27/27 audio=21 vision=1
2026-09-23 18:34:05,852 INFO Features 16/100 -UuX1xuaiiE/0 bins=8 words=9/9 audio=8 vision=3
2026-09-23 18:34:06,214 INFO Features 17/100 -UuX1xuaiiE/3 bins=9 words=9/9 audio=9 vision=8
2026-09-23 18:34:06,713 INFO Features 18/100 -UuX1xuaiiE/6 bins=17 words=22/22 audio=16 vision=16
2026-09-23 18:34:07,111 INFO Features 19/100 -a55Q6RWvTA/3 bins=45 words=65/65 audio=45 vision=41
2026-09-23 18:34:07,337 INFO Features 20/100 -aNfi7CP8vM/7 bins=18 words=18/18 audio=18 vision=17
2026-09-23 18:34:08,019 INFO Features 21/100 -aqamKhZ1Ec/0 bins=22 words=14/14 audio=22 vision=22
2026-09-23 18:34:08,325 INFO Features 22/100 -dxfTGcXJoc/1 bins=33 words=36/36 audio=32 vision=32
2026-09-23 18:34:08,662 INFO Features 23/100 -dxfTGcXJoc/0 bins=41 words=42/42 audio=41 vision=32
2026-09-23 18:34:08,994 INFO Features 24/100 -dxfTGcXJoc/2 bins=34 words=35/35 audio=34 vision=33
2026-09-23 18:34:09,275 INFO Features 25/100 -dxfTGcXJoc/6 bins=26 words=28/28 audio=26 vision=25
2026-09-23 18:34:09,486 INFO Features 26/100 -egA8-b7-3M/26 bins=13 words=15/15 audio=12 vision=12
2026-09-23 18:34:09,720 INFO Features 27/100 -egA8-b7-3M/17 bins=15 words=16/16 audio=15 vision=14
2026-09-23 18:34:09,979 INFO Features 28/100 -egA8-b7-3M/18 bins=17 words=22/22 audio=17 vision=17
2026-09-23 18:34:10,164 INFO Features 29/100 -egA8-b7-3M/16 bins=12 words=11/11 audio=11 vision=11
2026-09-23 18:34:10,328 INFO Features 30/100 -egA8-b7-3M/13 bins=9 words=11/11 audio=9 vision=8
2026-09-23 18:34:10,630 INFO Features 31/100 -egA8-b7-3M/1 bins=21 words=20/20 audio=21 vision=20
2026-09-23 18:34:10,852 INFO Features 32/100 -egA8-b7-3M/6 bins=13 words=12/12 audio=13 vision=12
2026-09-23 18:34:11,044 INFO Features 33/100 -egA8-b7-3M/9 bins=11 words=10/10 audio=10 vision=10
2026-09-23 18:34:11,305 INFO Features 34/100 -egA8-b7-3M/20 bins=14 words=20/20 audio=13 vision=13
2026-09-23 18:34:11,543 INFO Features 35/100 -iRBcNs9oI8/3 bins=12 words=8/8 audio=12 vision=0
2026-09-23 18:34:11,759 INFO Features 36/100 -iRBcNs9oI8/7 bins=9 words=9/9 audio=8 vision=0
2026-09-23 18:34:12,020 INFO Features 37/100 -iRBcNs9oI8/6 bins=6 words=5/5 audio=6 vision=0
2026-09-23 18:34:12,298 INFO Features 38/100 -iRBcNs9oI8/9 bins=7 words=5/5 audio=7 vision=0
2026-09-23 18:34:12,611 INFO Features 39/100 -iRBcNs9oI8/8 bins=17 words=21/21 audio=17 vision=0
2026-09-23 18:34:12,758 INFO Features 40/100 -lzEya4AM_4/5 bins=16 words=19/19 audio=16 vision=0
2026-09-23 18:34:13,011 INFO Features 41/100 -lzEya4AM_4/6 bins=30 words=43/43 audio=30 vision=0
2026-09-23 18:34:13,229 INFO Features 42/100 -mJ2ud6oKI8/1 bins=13 words=13/13 audio=13 vision=0
2026-09-23 18:34:13,498 INFO Features 43/100 -mJ2ud6oKI8/2 bins=12 words=0/11 audio=12 vision=0
2026-09-23 18:34:13,644 INFO Features 44/100 -mJ2ud6oKI8/6 bins=5 words=5/5 audio=5 vision=4
2026-09-23 18:34:14,089 INFO Features 45/100 -mJ2ud6oKI8/9 bins=15 words=22/22 audio=14 vision=14
2026-09-23 18:34:14,448 INFO Features 46/100 -mJ2ud6oKI8/8 bins=9 words=11/11 audio=9 vision=8
2026-09-23 18:34:14,717 INFO Features 47/100 -mqbVkbCndg/0 bins=13 words=14/14 audio=13 vision=13
2026-09-23 18:34:14,922 INFO Features 48/100 -t217m2on-s/2 bins=12 words=12/12 audio=12 vision=11
2026-09-23 18:34:15,278 INFO Features 49/100 -t217m2on-s/7 bins=35 words=45/45 audio=35 vision=34
2026-09-23 18:34:15,673 INFO Features 50/100 -tANM6ETl_M/3 bins=14 words=22/22 audio=14 vision=13
2026-09-23 18:34:15,844 INFO Features 51/100 -tPCytz4rww/11 bins=11 words=17/17 audio=11 vision=11
2026-09-23 18:34:16,030 INFO Features 52/100 -tPCytz4rww/10 bins=10 words=12/12 audio=10 vision=9
2026-09-23 18:34:16,337 INFO Features 53/100 -tPCytz4rww/12 bins=24 words=26/26 audio=24 vision=24
2026-09-23 18:34:16,550 INFO Features 54/100 -tPCytz4rww/16 bins=15 words=16/16 audio=15 vision=14
2026-09-23 18:34:16,745 INFO Features 55/100 -tPCytz4rww/18 bins=14 words=16/16 audio=14 vision=13
2026-09-23 18:34:16,989 INFO Features 56/100 -vxjVxOeScU/4 bins=19 words=21/21 audio=19 vision=18
2026-09-23 18:34:17,159 INFO Features 57/100 -wMB_hJL-3o/7 bins=13 words=22/22 audio=12 vision=11
2026-09-23 18:34:17,500 INFO Features 58/100 -wny0OAz3g8/1 bins=14 words=22/22 audio=14 vision=5
2026-09-23 18:34:17,698 INFO Features 59/100 -wny0OAz3g8/0 bins=7 words=9/9 audio=7 vision=5
2026-09-23 18:34:18,071 INFO Features 60/100 -wny0OAz3g8/3 bins=13 words=20/20 audio=13 vision=2
2026-09-23 18:34:18,460 INFO Features 61/100 -wny0OAz3g8/2 bins=14 words=23/23 audio=14 vision=11
2026-09-23 18:34:18,810 INFO Features 62/100 -wny0OAz3g8/5 bins=14 words=20/20 audio=14 vision=3
2026-09-23 18:34:19,126 INFO Features 63/100 -wny0OAz3g8/7 bins=17 words=29/29 audio=16 vision=2
2026-09-23 18:34:19,522 INFO Features 64/100 -wny0OAz3g8/9 bins=13 words=20/20 audio=13 vision=11
2026-09-23 18:34:19,653 INFO Features 65/100 -571d8cVauQ/0 bins=11 words=12/12 audio=10 vision=0
2026-09-23 18:34:19,879 INFO Features 66/100 -571d8cVauQ/5 bins=31 words=43/43 audio=31 vision=0
2026-09-23 18:34:20,095 INFO Features 67/100 -I_e4mIh0yE/1 bins=16 words=18/18 audio=15 vision=15
2026-09-23 18:34:20,356 INFO Features 68/100 -I_e4mIh0yE/3 bins=19 words=22/22 audio=18 vision=18
2026-09-23 18:34:20,505 INFO Features 69/100 -UacrmKiTn4/10 bins=15 words=18/18 audio=15 vision=0
2026-09-23 18:34:20,633 INFO Features 70/100 -UacrmKiTn4/4 bins=10 words=14/14 audio=10 vision=0
2026-09-23 18:34:20,987 INFO Features 71/100 -hnBHBN8p5A/7 bins=15 words=13/13 audio=15 vision=0
2026-09-23 18:34:21,355 INFO Features 72/100 -hnBHBN8p5A/6 bins=13 words=13/13 audio=13 vision=0
2026-09-23 18:34:21,480 INFO Features 73/100 -qDkUB0GgYY/6 bins=10 words=16/16 audio=10 vision=0
2026-09-23 18:34:21,682 INFO Features 74/100 -uywlfIYOS8/4 bins=13 words=18/18 audio=12 vision=12
2026-09-23 18:34:21,986 INFO Features 75/100 -6rXp3zJ3kc/8 bins=26 words=34/34 audio=26 vision=26
2026-09-23 18:34:22,323 INFO Features 76/100 -9y-fZ3swSY/0 bins=14 words=22/22 audio=14 vision=14
2026-09-23 18:34:22,670 INFO Features 77/100 -9y-fZ3swSY/4 bins=6 words=9/9 audio=6 vision=6
2026-09-23 18:34:23,043 INFO Features 78/100 -9y-fZ3swSY/8 bins=10 words=12/12 audio=10 vision=3
2026-09-23 18:34:24,235 INFO Features 79/100 -AUZQgSxyPQ/2 bins=46 words=41/41 audio=45 vision=45
2026-09-23 18:34:24,432 INFO Features 80/100 -HeZS2-Prhc/2 bins=17 words=16/16 audio=17 vision=0
2026-09-23 18:34:24,592 INFO Features 81/100 -MeTTeMJBNc/0 bins=19 words=21/21 audio=19 vision=0
2026-09-23 18:34:24,731 INFO Features 82/100 -MeTTeMJBNc/13 bins=11 words=14/14 audio=11 vision=0
2026-09-23 18:34:24,908 INFO Features 83/100 -MeTTeMJBNc/7 bins=22 words=31/31 audio=21 vision=0
2026-09-23 18:34:25,387 INFO Features 84/100 -RfYyzHpjk4/11 bins=11 words=17/17 audio=11 vision=10
2026-09-23 18:34:25,885 INFO Features 85/100 -RfYyzHpjk4/8 bins=10 words=17/17 audio=10 vision=9
2026-09-23 18:34:26,211 INFO Features 86/100 -RfYyzHpjk4/2 bins=12 words=25/25 audio=11 vision=9
2026-09-23 18:34:26,351 INFO Features 87/100 -UUCSKoHeMA/0 bins=16 words=18/18 audio=16 vision=0
2026-09-23 18:34:26,491 INFO Features 88/100 -ri04Z7vwnc/0 bins=6 words=8/8 audio=6 vision=0
2026-09-23 18:34:26,722 INFO Features 89/100 -ri04Z7vwnc/2 bins=13 words=16/16 audio=12 vision=4
2026-09-23 18:34:26,943 INFO Features 90/100 -ri04Z7vwnc/5 bins=8 words=8/8 audio=7 vision=7
2026-09-23 18:34:27,340 INFO Features 91/100 -s9qJ7ATP7w/1 bins=10 words=11/11 audio=10 vision=9
2026-09-23 18:34:27,684 INFO Features 92/100 -s9qJ7ATP7w/0 bins=14 words=24/24 audio=14 vision=14
2026-09-23 18:34:28,153 INFO Features 93/100 -s9qJ7ATP7w/5 bins=18 words=19/19 audio=17 vision=17
2026-09-23 18:34:28,404 INFO Features 94/100 -s9qJ7ATP7w/4 bins=9 words=9/9 audio=9 vision=6
2026-09-23 18:34:28,851 INFO Features 95/100 -s9qJ7ATP7w/7 bins=14 words=28/28 audio=14 vision=8
2026-09-23 18:34:29,044 INFO Features 96/100 -s9qJ7ATP7w/6 bins=5 words=5/5 audio=5 vision=4
2026-09-23 18:34:29,299 INFO Features 97/100 -s9qJ7ATP7w/8 bins=7 words=12/12 audio=7 vision=6
2026-09-23 18:34:30,762 INFO Features 98/100 -yRb-Jum7EQ/1 bins=59 words=49/49 audio=59 vision=54
2026-09-23 18:34:31,334 INFO Features 99/100 -yRb-Jum7EQ/5 bins=27 words=25/25 audio=27 vision=26
2026-09-23 18:34:31,914 INFO Features 100/100 -yRb-Jum7EQ/6 bins=23 words=19/19 audio=23 vision=22
2026-09-23 18:34:36,973 INFO Wrote ./results/q1_features.npz (1111937 bytes), ./results/q1_manifest.csv, ./results/q1_alignment.jsonl
