COMMAND: CONDA_ROOT/envs/math/bin/mfa align ./work/mfa_corpus ./work/english_us_arpa_augmented.dict Q1_MODEL_DIR/english_us_arpa_acoustic.zip ./work/mfa_aligned --clean --overwrite --num_jobs 8 --beam 100 --retry_beam 400

STDOUT:
 100% ━━━━━━━━━━━━━━━━━━━━━━━━━━━━━━━━━━ 100/100  [ 0:00:02 < 0:00:00 , ? it/s ]
 100% ━━━━━━━━━━━━━━━━━━━━━━━━━━━━━━━━━━ 100/100  [ 0:00:01 < 0:00:00 , ? it/s ]
 100% ━━━━━━━━━━━━━━━━━━━━━━━━━━━━━━━━━━ 100/100  [ 0:00:01 < 0:00:00 , ? it/s ]
 100% ━━━━━━━━━━━━━━━━━━━━━━━━━━━━━━━━━━ 100/100  [ 0:00:01 < 0:00:00 , ? it/s ]
 100% ━━━━━━━━━━━━━━━━━━━━━━━━━━━━━━━━━━ 100/100  [ 0:00:01 < 0:00:00 , ? it/s ]
 100% ━━━━━━━━━━━━━━━━━━━━━━━━━━━━━━━━━━ 100/100  [ 0:00:03 < 0:00:00 , ? it/s ]
  99% ━━━━━━━━━━━━━━━━━━━━━━━━━━━━━━━━━━╸ 99/100  [ 0:00:07 < -:--:-- , ? it/s ]
  99% ━━━━━━━━━━━━━━━━━━━━━━━━━━━━━━━━━━╸ 99/100  [ 0:00:01 < -:--:-- , ? it/s ]
  99% ━━━━━━━━━━━━━━━━━━━━━━━━━━━━━━━━━╸ 99/100  [ 0:00:02 < 0:00:01 , 98 it/s ]

STDERR:
 INFO     Setting up corpus information...                                      
 INFO     Loading corpus from source files...                                   
 INFO     Found 37 speakers across 100 files, average number of utterances per  
          speaker: 2.7027027027027026                                           
 INFO     Initializing multiprocessing jobs...                                  
 INFO     Normalizing text...                                                   
 INFO     Generating MFCCs...                                                   
 INFO     Calculating CMVN...                                                   
 INFO     Generating final features...                                          
 INFO     Creating corpus split...                                              
 INFO     Compiling training graphs...                                          
 INFO     Performing first-pass alignment...                                    
 INFO     Generating alignments...                                              
 INFO     Collecting phone and word alignments from alignment lattices...       
 INFO     Analyzing alignment quality...                                        
 INFO     Exporting alignment TextGrids to                                      
          ./work/mfa_aligned...                           
 INFO     Finished exporting TextGrids to                                       
          ./work/mfa_aligned!                             
 INFO     Done! Everything took 45.424 seconds                                  
